This file contains any messages produced by compilers while
running configure, to aid debugging if configure makes a mistake.

It was created by configure, which was
generated by GNU Autoconf 2.71.  Invocation command line was

  $ ./configure --no-create --no-recursion

## --------- ##
## Platform. ##
## --------- ##

hostname = workhorse
uname -m = x86_64
uname -r = 6.6.87.2-microsoft-standard-WSL2
uname -s = Linux
uname -v = #1 SMP PREEMPT_DYNAMIC Thu Jun  5 18:30:46 UTC 2025

/usr/bin/uname -p = x86_64
/bin/uname -X     = unknown

/bin/arch              = x86_64
/usr/bin/arch -k       = unknown
/usr/convex/getsysinfo = unknown
/usr/bin/hostinfo      = unknown
/bin/machine           = unknown
/usr/bin/oslevel       = unknown
/bin/universe          = unknown

PATH: /home/dkc/bin/
PATH: /home/dkc/bin/
PATH: /usr/local/sbin/
PATH: /usr/local/bin/
PATH: /usr/sbin/
PATH: /usr/bin/
PATH: /sbin/
PATH: /bin/
PATH: /usr/games/
PATH: /usr/local/games/
PATH: /usr/lib/wsl/lib/
PATH: /mnt/c/ProgramData/Oracle/Java/javapath/
PATH: /mnt/c/Program Files/Common Files/Microsoft Shared/Windows Live/
PATH: /mnt/c/Program Files (x86)/Common Files/Microsoft Shared/Windows Live/
PATH: /mnt/c/WINDOWS/system32/
PATH: /mnt/c/WINDOWS/
PATH: /mnt/c/WINDOWS/System32/Wbem/
PATH: /mnt/c/WINDOWS/System32/WindowsPowerShell/v1.0/
PATH: /mnt/c/Program Files (x86)/ATI Technologies/ATI.ACE/Core-Static/
PATH: /mnt/c/Program Files (x86)/Windows Live/Shared/
PATH: /mnt/c/Program Files/Common Files/Autodesk Shared/
PATH: /mnt/c/Program Files (x86)/AMD/ATI.ACE/Core-Static/
PATH: /mnt/c/WINDOWS/System32/OpenSSH/
PATH: /mnt/c/Program Files/dotnet/
PATH: /mnt/c/Program Files/ruffle/bin/
PATH: /mnt/c/Program Files/usbipd-win/
PATH: /mnt/c/Users/admin/AppData/Local/Programs/Python/Python39/Scripts/
PATH: /mnt/c/Users/admin/AppData/Local/Programs/Python/Python39/
PATH: /mnt/c/Users/admin/AppData/Local/Microsoft/WindowsApps/
PATH: /snap/bin/


## ----------- ##
## Core tests. ##
## ----------- ##

configure:3060: looking for aux files: install-sh config.guess config.sub
configure:3073:  trying ./
configure:3084:   ./install-sh found
configure:3102:   ./config.guess found
configure:3102:   ./config.sub found
configure:3240: checking build system type
configure:3255: result: x86_64-pc-linux-gnu
configure:3275: checking host system type
configure:3289: result: x86_64-pc-linux-gnu
configure:3371: checking for gcc
configure:3392: found /usr/bin/gcc
configure:3403: result: gcc
configure:3756: checking for C compiler version
configure:3765: gcc --version >&5
gcc (Ubuntu 13.3.0-6ubuntu2~24.04) 13.3.0
Copyright (C) 2023 Free Software Foundation, Inc.
This is free software; see the source for copying conditions.  There is NO
warranty; not even for MERCHANTABILITY or FITNESS FOR A PARTICULAR PURPOSE.

configure:3776: $? = 0
configure:3765: gcc -v >&5
Using built-in specs.
COLLECT_GCC=gcc
COLLECT_LTO_WRAPPER=/usr/libexec/gcc/x86_64-linux-gnu/13/lto-wrapper
OFFLOAD_TARGET_NAMES=nvptx-none:amdgcn-amdhsa
OFFLOAD_TARGET_DEFAULT=1
Target: x86_64-linux-gnu
Configured with: ../src/configure -v --with-pkgversion='Ubuntu 13.3.0-6ubuntu2~24.04' --with-bugurl=file:///usr/share/doc/gcc-13/README.Bugs --enable-languages=c,ada,c++,go,d,fortran,objc,obj-c++,m2 --prefix=/usr --with-gcc-major-version-only --program-suffix=-13 --program-prefix=x86_64-linux-gnu- --enable-shared --enable-linker-build-id --libexecdir=/usr/libexec --without-included-gettext --enable-threads=posix --libdir=/usr/lib --enable-nls --enable-bootstrap --enable-clocale=gnu --enable-libstdcxx-debug --enable-libstdcxx-time=yes --with-default-libstdcxx-abi=new --enable-libstdcxx-backtrace --enable-gnu-unique-object --disable-vtable-verify --enable-plugin --enable-default-pie --with-system-zlib --enable-libphobos-checking=release --with-target-system-zlib=auto --enable-objc-gc=auto --enable-multiarch --disable-werror --enable-cet --with-arch-32=i686 --with-abi=m64 --with-multilib-list=m32,m64,mx32 --enable-multilib --with-tune=generic --enable-offload-targets=nvptx-none=/build/gcc-13-fG75Ri/gcc-13-13.3.0/debian/tmp-nvptx/usr,amdgcn-amdhsa=/build/gcc-13-fG75Ri/gcc-13-13.3.0/debian/tmp-gcn/usr --enable-offload-defaulted --without-cuda-driver --enable-checking=release --build=x86_64-linux-gnu --host=x86_64-linux-gnu --target=x86_64-linux-gnu --with-build-config=bootstrap-lto-lean --enable-link-serialization=2
Thread model: posix
Supported LTO compression algorithms: zlib zstd
gcc version 13.3.0 (Ubuntu 13.3.0-6ubuntu2~24.04) 
... rest of stderr output deleted ...
configure:3776: $? = 0
configure:3765: gcc -V >&5
gcc: error: unrecognized command-line option '-V'
gcc: fatal error: no input files
compilation terminated.
configure:3776: $? = 1
configure:3765: gcc -qversion >&5
gcc: error: unrecognized command-line option '-qversion'; did you mean '--version'?
gcc: fatal error: no input files
compilation terminated.
configure:3776: $? = 1
configure:3765: gcc -version >&5
gcc: error: unrecognized command-line option '-version'
gcc: fatal error: no input files
compilation terminated.
configure:3776: $? = 1
configure:3796: checking whether the C compiler works
configure:3818: gcc    conftest.c  >&5
configure:3822: $? = 0
configure:3872: result: yes
configure:3875: checking for C compiler default output file name
configure:3877: result: a.out
configure:3883: checking for suffix of executables
configure:3890: gcc -o conftest    conftest.c  >&5
configure:3894: $? = 0
configure:3917: result: 
configure:3939: checking whether we are cross compiling
configure:3947: gcc -o conftest    conftest.c  >&5
configure:3951: $? = 0
configure:3958: ./conftest
configure:3962: $? = 0
configure:3977: result: no
configure:3982: checking for suffix of object files
configure:4005: gcc -c   conftest.c >&5
configure:4009: $? = 0
configure:4031: result: o
configure:4035: checking whether the compiler supports GNU C
configure:4055: gcc -c   conftest.c >&5
configure:4055: $? = 0
configure:4065: result: yes
configure:4076: checking whether gcc accepts -g
configure:4097: gcc -c -g  conftest.c >&5
configure:4097: $? = 0
configure:4141: result: yes
configure:4161: checking for gcc option to enable C11 features
configure:4176: gcc  -c -g -O2  conftest.c >&5
configure:4176: $? = 0
configure:4194: result: none needed
configure:4309: checking how to run the C preprocessor
configure:4335: gcc -E  conftest.c
configure:4335: $? = 0
configure:4350: gcc -E  conftest.c
conftest.c:9:10: fatal error: ac_nonexistent.h: No such file or directory
    9 | #include <ac_nonexistent.h>
      |          ^~~~~~~~~~~~~~~~~~
compilation terminated.
configure:4350: $? = 1
configure: failed program was:
| /* confdefs.h */
| #define PACKAGE_NAME ""
| #define PACKAGE_TARNAME ""
| #define PACKAGE_VERSION ""
| #define PACKAGE_STRING ""
| #define PACKAGE_BUGREPORT ""
| #define PACKAGE_URL ""
| /* end confdefs.h.  */
| #include <ac_nonexistent.h>
configure:4377: result: gcc -E
configure:4391: gcc -E  conftest.c
configure:4391: $? = 0
configure:4406: gcc -E  conftest.c
conftest.c:9:10: fatal error: ac_nonexistent.h: No such file or directory
    9 | #include <ac_nonexistent.h>
      |          ^~~~~~~~~~~~~~~~~~
compilation terminated.
configure:4406: $? = 1
configure: failed program was:
| /* confdefs.h */
| #define PACKAGE_NAME ""
| #define PACKAGE_TARNAME ""
| #define PACKAGE_VERSION ""
| #define PACKAGE_STRING ""
| #define PACKAGE_BUGREPORT ""
| #define PACKAGE_URL ""
| /* end confdefs.h.  */
| #include <ac_nonexistent.h>
configure:4463: checking for x86_64-pc-linux-gnu-gcc
configure:4498: result: no
configure:4508: checking for gcc
configure:4529: found /usr/bin/gcc
configure:4540: result: gcc
configure:4893: checking for C compiler version
configure:4902: gcc --version >&5
gcc (Ubuntu 13.3.0-6ubuntu2~24.04) 13.3.0
Copyright (C) 2023 Free Software Foundation, Inc.
This is free software; see the source for copying conditions.  There is NO
warranty; not even for MERCHANTABILITY or FITNESS FOR A PARTICULAR PURPOSE.

configure:4913: $? = 0
configure:4902: gcc -v >&5
Using built-in specs.
COLLECT_GCC=gcc
COLLECT_LTO_WRAPPER=/usr/libexec/gcc/x86_64-linux-gnu/13/lto-wrapper
OFFLOAD_TARGET_NAMES=nvptx-none:amdgcn-amdhsa
OFFLOAD_TARGET_DEFAULT=1
Target: x86_64-linux-gnu
Configured with: ../src/configure -v --with-pkgversion='Ubuntu 13.3.0-6ubuntu2~24.04' --with-bugurl=file:///usr/share/doc/gcc-13/README.Bugs --enable-languages=c,ada,c++,go,d,fortran,objc,obj-c++,m2 --prefix=/usr --with-gcc-major-version-only --program-suffix=-13 --program-prefix=x86_64-linux-gnu- --enable-shared --enable-linker-build-id --libexecdir=/usr/libexec --without-included-gettext --enable-threads=posix --libdir=/usr/lib --enable-nls --enable-bootstrap --enable-clocale=gnu --enable-libstdcxx-debug --enable-libstdcxx-time=yes --with-default-libstdcxx-abi=new --enable-libstdcxx-backtrace --enable-gnu-unique-object --disable-vtable-verify --enable-plugin --enable-default-pie --with-system-zlib --enable-libphobos-checking=release --with-target-system-zlib=auto --enable-objc-gc=auto --enable-multiarch --disable-werror --enable-cet --with-arch-32=i686 --with-abi=m64 --with-multilib-list=m32,m64,mx32 --enable-multilib --with-tune=generic --enable-offload-targets=nvptx-none=/build/gcc-13-fG75Ri/gcc-13-13.3.0/debian/tmp-nvptx/usr,amdgcn-amdhsa=/build/gcc-13-fG75Ri/gcc-13-13.3.0/debian/tmp-gcn/usr --enable-offload-defaulted --without-cuda-driver --enable-checking=release --build=x86_64-linux-gnu --host=x86_64-linux-gnu --target=x86_64-linux-gnu --with-build-config=bootstrap-lto-lean --enable-link-serialization=2
Thread model: posix
Supported LTO compression algorithms: zlib zstd
gcc version 13.3.0 (Ubuntu 13.3.0-6ubuntu2~24.04) 
... rest of stderr output deleted ...
configure:4913: $? = 0
configure:4902: gcc -V >&5
gcc: error: unrecognized command-line option '-V'
gcc: fatal error: no input files
compilation terminated.
configure:4913: $? = 1
configure:4902: gcc -qversion >&5
gcc: error: unrecognized command-line option '-qversion'; did you mean '--version'?
gcc: fatal error: no input files
compilation terminated.
configure:4913: $? = 1
configure:4902: gcc -version >&5
gcc: error: unrecognized command-line option '-version'
gcc: fatal error: no input files
compilation terminated.
configure:4913: $? = 1
configure:4917: checking whether the compiler supports GNU C
configure:4947: result: yes
configure:4958: checking whether gcc accepts -g
configure:4979: gcc -c -g  conftest.c >&5
configure:4979: $? = 0
configure:5023: result: yes
configure:5043: checking for gcc option to enable C11 features
configure:5076: result: none needed
configure:5202: checking whether the C compiler works
configure:5224: gcc -g -O2   conftest.c  >&5
configure:5228: $? = 0
configure:5278: result: yes
configure:5281: checking for C compiler default output file name
configure:5283: result: a.out
configure:5289: checking for suffix of executables
configure:5296: gcc -o conftest -g -O2   conftest.c  >&5
configure:5300: $? = 0
configure:5323: result: 
configure:5345: checking whether we are cross compiling
configure:5353: gcc -o conftest -g -O2   conftest.c  >&5
configure:5357: $? = 0
configure:5364: ./conftest
configure:5368: $? = 0
configure:5383: result: no
configure:5389: checking for suffix of object files
configure:5412: gcc -c -g -O2  conftest.c >&5
configure:5416: $? = 0
configure:5438: result: o
configure:5448: checking how to run the C preprocessor
configure:5474: gcc -E  conftest.c
configure:5474: $? = 0
configure:5489: gcc -E  conftest.c
conftest.c:9:10: fatal error: ac_nonexistent.h: No such file or directory
    9 | #include <ac_nonexistent.h>
      |          ^~~~~~~~~~~~~~~~~~
compilation terminated.
configure:5489: $? = 1
configure: failed program was:
| /* confdefs.h */
| #define PACKAGE_NAME ""
| #define PACKAGE_TARNAME ""
| #define PACKAGE_VERSION ""
| #define PACKAGE_STRING ""
| #define PACKAGE_BUGREPORT ""
| #define PACKAGE_URL ""
| /* end confdefs.h.  */
| #include <ac_nonexistent.h>
configure:5516: result: gcc -E
configure:5530: gcc -E  conftest.c
configure:5530: $? = 0
configure:5545: gcc -E  conftest.c
conftest.c:9:10: fatal error: ac_nonexistent.h: No such file or directory
    9 | #include <ac_nonexistent.h>
      |          ^~~~~~~~~~~~~~~~~~
compilation terminated.
configure:5545: $? = 1
configure: failed program was:
| /* confdefs.h */
| #define PACKAGE_NAME ""
| #define PACKAGE_TARNAME ""
| #define PACKAGE_VERSION ""
| #define PACKAGE_STRING ""
| #define PACKAGE_BUGREPORT ""
| #define PACKAGE_URL ""
| /* end confdefs.h.  */
| #include <ac_nonexistent.h>
configure:5656: checking for g++
configure:5677: found /usr/bin/g++
configure:5688: result: g++
configure:5715: checking for C++ compiler version
configure:5724: g++ --version >&5
g++ (Ubuntu 13.3.0-6ubuntu2~24.04) 13.3.0
Copyright (C) 2023 Free Software Foundation, Inc.
This is free software; see the source for copying conditions.  There is NO
warranty; not even for MERCHANTABILITY or FITNESS FOR A PARTICULAR PURPOSE.

configure:5735: $? = 0
configure:5724: g++ -v >&5
Using built-in specs.
COLLECT_GCC=g++
COLLECT_LTO_WRAPPER=/usr/libexec/gcc/x86_64-linux-gnu/13/lto-wrapper
OFFLOAD_TARGET_NAMES=nvptx-none:amdgcn-amdhsa
OFFLOAD_TARGET_DEFAULT=1
Target: x86_64-linux-gnu
Configured with: ../src/configure -v --with-pkgversion='Ubuntu 13.3.0-6ubuntu2~24.04' --with-bugurl=file:///usr/share/doc/gcc-13/README.Bugs --enable-languages=c,ada,c++,go,d,fortran,objc,obj-c++,m2 --prefix=/usr --with-gcc-major-version-only --program-suffix=-13 --program-prefix=x86_64-linux-gnu- --enable-shared --enable-linker-build-id --libexecdir=/usr/libexec --without-included-gettext --enable-threads=posix --libdir=/usr/lib --enable-nls --enable-bootstrap --enable-clocale=gnu --enable-libstdcxx-debug --enable-libstdcxx-time=yes --with-default-libstdcxx-abi=new --enable-libstdcxx-backtrace --enable-gnu-unique-object --disable-vtable-verify --enable-plugin --enable-default-pie --with-system-zlib --enable-libphobos-checking=release --with-target-system-zlib=auto --enable-objc-gc=auto --enable-multiarch --disable-werror --enable-cet --with-arch-32=i686 --with-abi=m64 --with-multilib-list=m32,m64,mx32 --enable-multilib --with-tune=generic --enable-offload-targets=nvptx-none=/build/gcc-13-fG75Ri/gcc-13-13.3.0/debian/tmp-nvptx/usr,amdgcn-amdhsa=/build/gcc-13-fG75Ri/gcc-13-13.3.0/debian/tmp-gcn/usr --enable-offload-defaulted --without-cuda-driver --enable-checking=release --build=x86_64-linux-gnu --host=x86_64-linux-gnu --target=x86_64-linux-gnu --with-build-config=bootstrap-lto-lean --enable-link-serialization=2
Thread model: posix
Supported LTO compression algorithms: zlib zstd
gcc version 13.3.0 (Ubuntu 13.3.0-6ubuntu2~24.04) 
... rest of stderr output deleted ...
configure:5735: $? = 0
configure:5724: g++ -V >&5
g++: error: unrecognized command-line option '-V'
g++: fatal error: no input files
compilation terminated.
configure:5735: $? = 1
configure:5724: g++ -qversion >&5
g++: error: unrecognized command-line option '-qversion'; did you mean '--version'?
g++: fatal error: no input files
compilation terminated.
configure:5735: $? = 1
configure:5739: checking whether the compiler supports GNU C++
configure:5759: g++ -c   conftest.cpp >&5
configure:5759: $? = 0
configure:5769: result: yes
configure:5780: checking whether g++ accepts -g
configure:5801: g++ -c -g  conftest.cpp >&5
configure:5801: $? = 0
configure:5845: result: yes
configure:5865: checking for g++ option to enable C++11 features
configure:5880: g++  -c -g -O2  conftest.cpp >&5
conftest.cpp: In function 'int main(int, char**)':
conftest.cpp:175:25: warning: empty parentheses were disambiguated as a function declaration [-Wvexing-parse]
  175 |   cxx11test::delegate d2();
      |                         ^~
conftest.cpp:175:25: note: remove parentheses to default-initialize a variable
  175 |   cxx11test::delegate d2();
      |                         ^~
      |                         --
conftest.cpp:175:25: note: or replace parentheses with braces to value-initialize a variable
configure:5880: $? = 0
configure:5898: result: none needed
configure:6010: checking for ranlib
configure:6031: found /usr/bin/ranlib
configure:6042: result: ranlib
configure:6112: checking for ld
configure:6133: found /usr/bin/ld
configure:6144: result: ld
configure:6214: checking for ar
configure:6235: found /usr/bin/ar
configure:6246: result: ar
configure:6316: checking for strip
configure:6337: found /usr/bin/strip
configure:6348: result: strip
configure:6418: checking for windres
configure:6453: result: no
configure:6476: checking for gperf
configure:6497: found /usr/bin/gperf
configure:6508: result: gperf
configure:6524: checking for man
configure:6545: found /usr/bin/man
configure:6556: result: man
configure:6572: checking for ps2pdf
configure:6593: found /usr/bin/ps2pdf
configure:6604: result: ps2pdf
configure:6620: checking for git
configure:6641: found /usr/bin/git
configure:6652: result: git
configure:6679: checking for flex
configure:6700: found /usr/bin/flex
configure:6711: result: flex
configure:6734: checking for bison
configure:6755: found /usr/bin/bison
configure:6766: result: bison
configure:6793: checking for Microsoft Windows
configure:6804: result: no
configure:6819: checking for gcc options needed to detect all undeclared functions
configure:6841: gcc -c -g -O2   conftest.c >&5
conftest.c: In function 'main':
conftest.c:13:8: error: 'strchr' undeclared (first use in this function)
   13 | (void) strchr;
      |        ^~~~~~
conftest.c:1:1: note: 'strchr' is defined in header '<string.h>'; did you forget to '#include <string.h>'?
    1 | /* confdefs.h */
conftest.c:13:8: note: each undeclared identifier is reported only once for each function it appears in
   13 | (void) strchr;
      |        ^~~~~~
configure:6841: $? = 1
configure: failed program was:
| /* confdefs.h */
| #define PACKAGE_NAME ""
| #define PACKAGE_TARNAME ""
| #define PACKAGE_VERSION ""
| #define PACKAGE_STRING ""
| #define PACKAGE_BUGREPORT ""
| #define PACKAGE_URL ""
| /* end confdefs.h.  */
| 
| int
| main (void)
| {
| (void) strchr;
|   ;
|   return 0;
| }
configure:6868: gcc -c -g -O2   conftest.c >&5
configure:6868: $? = 0
configure:6885: result: none needed
configure:6903: checking for stdio.h
configure:6903: gcc -c -g -O2  conftest.c >&5
configure:6903: $? = 0
configure:6903: result: yes
configure:6903: checking for stdlib.h
configure:6903: gcc -c -g -O2  conftest.c >&5
configure:6903: $? = 0
configure:6903: result: yes
configure:6903: checking for string.h
configure:6903: gcc -c -g -O2  conftest.c >&5
configure:6903: $? = 0
configure:6903: result: yes
configure:6903: checking for inttypes.h
configure:6903: gcc -c -g -O2  conftest.c >&5
configure:6903: $? = 0
configure:6903: result: yes
configure:6903: checking for stdint.h
configure:6903: gcc -c -g -O2  conftest.c >&5
configure:6903: $? = 0
configure:6903: result: yes
configure:6903: checking for strings.h
configure:6903: gcc -c -g -O2  conftest.c >&5
configure:6903: $? = 0
configure:6903: result: yes
configure:6903: checking for sys/stat.h
configure:6903: gcc -c -g -O2  conftest.c >&5
configure:6903: $? = 0
configure:6903: result: yes
configure:6903: checking for sys/types.h
configure:6903: gcc -c -g -O2  conftest.c >&5
configure:6903: $? = 0
configure:6903: result: yes
configure:6903: checking for unistd.h
configure:6903: gcc -c -g -O2  conftest.c >&5
configure:6903: $? = 0
configure:6903: result: yes
configure:6928: checking whether __SUNPRO_C is declared
configure:6928: gcc -c -g -O2   conftest.c >&5
conftest.c: In function 'main':
conftest.c:54:10: error: '__SUNPRO_C' undeclared (first use in this function)
   54 |   (void) __SUNPRO_C;
      |          ^~~~~~~~~~
conftest.c:54:10: note: each undeclared identifier is reported only once for each function it appears in
configure:6928: $? = 1
configure: failed program was:
| /* confdefs.h */
| #define PACKAGE_NAME ""
| #define PACKAGE_TARNAME ""
| #define PACKAGE_VERSION ""
| #define PACKAGE_STRING ""
| #define PACKAGE_BUGREPORT ""
| #define PACKAGE_URL ""
| #define HAVE_STDIO_H 1
| #define HAVE_STDLIB_H 1
| #define HAVE_STRING_H 1
| #define HAVE_INTTYPES_H 1
| #define HAVE_STDINT_H 1
| #define HAVE_STRINGS_H 1
| #define HAVE_SYS_STAT_H 1
| #define HAVE_SYS_TYPES_H 1
| #define HAVE_UNISTD_H 1
| #define STDC_HEADERS 1
| /* end confdefs.h.  */
| #include <stddef.h>
| #ifdef HAVE_STDIO_H
| # include <stdio.h>
| #endif
| #ifdef HAVE_STDLIB_H
| # include <stdlib.h>
| #endif
| #ifdef HAVE_STRING_H
| # include <string.h>
| #endif
| #ifdef HAVE_INTTYPES_H
| # include <inttypes.h>
| #endif
| #ifdef HAVE_STDINT_H
| # include <stdint.h>
| #endif
| #ifdef HAVE_STRINGS_H
| # include <strings.h>
| #endif
| #ifdef HAVE_SYS_TYPES_H
| # include <sys/types.h>
| #endif
| #ifdef HAVE_SYS_STAT_H
| # include <sys/stat.h>
| #endif
| #ifdef HAVE_UNISTD_H
| # include <unistd.h>
| #endif
| int
| main (void)
| {
| #ifndef __SUNPRO_C
| #ifdef __cplusplus
|   (void) __SUNPRO_C;
| #else
|   (void) __SUNPRO_C;
| #endif
| #endif
| 
|   ;
|   return 0;
| }
configure:6928: result: no
configure:6947: checking if gcc supports -Wextra
configure:6960: gcc -c -Wextra -g -O2  conftest.c >&5
configure:6960: $? = 0
configure:6962: result: yes
configure:7022: checking for g++ options needed to detect all undeclared functions
configure:7044: g++ -c  -g -O2 -std=c++11  conftest.cpp >&5
conftest.cpp: In function 'int main()':
conftest.cpp:23:8: error: 'strchr' was not declared in this scope
   23 | (void) strchr;
      |        ^~~~~~
conftest.cpp:1:1: note: 'strchr' is defined in header '<cstring>'; did you forget to '#include <cstring>'?
    1 | /* confdefs.h */
configure:7044: $? = 1
configure: failed program was:
| /* confdefs.h */
| #define PACKAGE_NAME ""
| #define PACKAGE_TARNAME ""
| #define PACKAGE_VERSION ""
| #define PACKAGE_STRING ""
| #define PACKAGE_BUGREPORT ""
| #define PACKAGE_URL ""
| #define HAVE_STDIO_H 1
| #define HAVE_STDLIB_H 1
| #define HAVE_STRING_H 1
| #define HAVE_INTTYPES_H 1
| #define HAVE_STDINT_H 1
| #define HAVE_STRINGS_H 1
| #define HAVE_SYS_STAT_H 1
| #define HAVE_SYS_TYPES_H 1
| #define HAVE_UNISTD_H 1
| #define STDC_HEADERS 1
| /* end confdefs.h.  */
| 
| int
| main (void)
| {
| (void) strchr;
|   ;
|   return 0;
| }
configure:7071: g++ -c  -g -O2 -std=c++11  conftest.cpp >&5
configure:7071: $? = 0
configure:7088: result: none needed
configure:7102: checking whether __SUNPRO_CC is declared
configure:7102: g++ -c  -g -O2 -std=c++11   conftest.cpp >&5
conftest.cpp: In function 'int main()':
conftest.cpp:52:10: error: '__SUNPRO_CC' was not declared in this scope
   52 |   (void) __SUNPRO_CC;
      |          ^~~~~~~~~~~
configure:7102: $? = 1
configure: failed program was:
| /* confdefs.h */
| #define PACKAGE_NAME ""
| #define PACKAGE_TARNAME ""
| #define PACKAGE_VERSION ""
| #define PACKAGE_STRING ""
| #define PACKAGE_BUGREPORT ""
| #define PACKAGE_URL ""
| #define HAVE_STDIO_H 1
| #define HAVE_STDLIB_H 1
| #define HAVE_STRING_H 1
| #define HAVE_INTTYPES_H 1
| #define HAVE_STDINT_H 1
| #define HAVE_STRINGS_H 1
| #define HAVE_SYS_STAT_H 1
| #define HAVE_SYS_TYPES_H 1
| #define HAVE_UNISTD_H 1
| #define STDC_HEADERS 1
| /* end confdefs.h.  */
| #include <stddef.h>
| #ifdef HAVE_STDIO_H
| # include <stdio.h>
| #endif
| #ifdef HAVE_STDLIB_H
| # include <stdlib.h>
| #endif
| #ifdef HAVE_STRING_H
| # include <string.h>
| #endif
| #ifdef HAVE_INTTYPES_H
| # include <inttypes.h>
| #endif
| #ifdef HAVE_STDINT_H
| # include <stdint.h>
| #endif
| #ifdef HAVE_STRINGS_H
| # include <strings.h>
| #endif
| #ifdef HAVE_SYS_TYPES_H
| # include <sys/types.h>
| #endif
| #ifdef HAVE_SYS_STAT_H
| # include <sys/stat.h>
| #endif
| #ifdef HAVE_UNISTD_H
| # include <unistd.h>
| #endif
| int
| main (void)
| {
| #ifndef __SUNPRO_CC
| #ifdef __cplusplus
|   (void) __SUNPRO_CC;
| #else
|   (void) __SUNPRO_CC;
| #endif
| #endif
| 
|   ;
|   return 0;
| }
configure:7102: result: no
configure:7129: checking for getopt.h
configure:7129: g++ -c -DHAVE_DECL_BASENAME  -g -O2 -std=c++11  conftest.cpp >&5
configure:7129: $? = 0
configure:7129: result: yes
configure:7135: checking for inttypes.h
configure:7135: result: yes
configure:7141: checking for libiberty.h
configure:7141: g++ -c -DHAVE_DECL_BASENAME  -g -O2 -std=c++11  conftest.cpp >&5
conftest.cpp:49:10: fatal error: libiberty.h: No such file or directory
   49 | #include <libiberty.h>
      |          ^~~~~~~~~~~~~
compilation terminated.
configure:7141: $? = 1
configure: failed program was:
| /* confdefs.h */
| #define PACKAGE_NAME ""
| #define PACKAGE_TARNAME ""
| #define PACKAGE_VERSION ""
| #define PACKAGE_STRING ""
| #define PACKAGE_BUGREPORT ""
| #define PACKAGE_URL ""
| #define HAVE_STDIO_H 1
| #define HAVE_STDLIB_H 1
| #define HAVE_STRING_H 1
| #define HAVE_INTTYPES_H 1
| #define HAVE_STDINT_H 1
| #define HAVE_STRINGS_H 1
| #define HAVE_SYS_STAT_H 1
| #define HAVE_SYS_TYPES_H 1
| #define HAVE_UNISTD_H 1
| #define STDC_HEADERS 1
| #define HAVE_GETOPT_H 1
| #define HAVE_INTTYPES_H 1
| /* end confdefs.h.  */
| #include <stddef.h>
| #ifdef HAVE_STDIO_H
| # include <stdio.h>
| #endif
| #ifdef HAVE_STDLIB_H
| # include <stdlib.h>
| #endif
| #ifdef HAVE_STRING_H
| # include <string.h>
| #endif
| #ifdef HAVE_INTTYPES_H
| # include <inttypes.h>
| #endif
| #ifdef HAVE_STDINT_H
| # include <stdint.h>
| #endif
| #ifdef HAVE_STRINGS_H
| # include <strings.h>
| #endif
| #ifdef HAVE_SYS_TYPES_H
| # include <sys/types.h>
| #endif
| #ifdef HAVE_SYS_STAT_H
| # include <sys/stat.h>
| #endif
| #ifdef HAVE_UNISTD_H
| # include <unistd.h>
| #endif
| #include <libiberty.h>
configure:7141: result: no
configure:7147: checking for iosfwd
configure:7147: g++ -c -DHAVE_DECL_BASENAME  -g -O2 -std=c++11  conftest.cpp >&5
configure:7147: $? = 0
configure:7147: result: yes
configure:7153: checking for sys/wait.h
configure:7153: g++ -c -DHAVE_DECL_BASENAME  -g -O2 -std=c++11  conftest.cpp >&5
configure:7153: $? = 0
configure:7153: result: yes
configure:7166: checking size of unsigned long long
configure:7172: g++ -o conftest  -g -O2 -std=c++11    conftest.cpp  >&5
configure:7172: $? = 0
configure:7172: ./conftest
configure:7172: $? = 0
configure:7187: result: 8
configure:7199: checking size of unsigned long
configure:7205: g++ -o conftest  -g -O2 -std=c++11    conftest.cpp  >&5
configure:7205: $? = 0
configure:7205: ./conftest
configure:7205: $? = 0
configure:7220: result: 8
configure:7232: checking size of unsigned
configure:7238: g++ -o conftest  -g -O2 -std=c++11    conftest.cpp  >&5
configure:7238: $? = 0
configure:7238: ./conftest
configure:7238: $? = 0
configure:7253: result: 4
configure:7265: checking size of void *
configure:7271: g++ -o conftest  -g -O2 -std=c++11    conftest.cpp  >&5
configure:7271: $? = 0
configure:7271: ./conftest
configure:7271: $? = 0
configure:7286: result: 8
configure:7296: checking for tputs in -ltermcap
configure:7318: g++ -o conftest  -g -O2 -std=c++11    conftest.cpp -ltermcap   >&5
configure:7318: $? = 0
configure:7328: result: yes
configure:7338: checking for readline in -lreadline
configure:7360: g++ -o conftest  -g -O2 -std=c++11    conftest.cpp -lreadline  -ltermcap  >&5
configure:7360: $? = 0
configure:7370: result: yes
configure:7380: checking for add_history in -lreadline
configure:7402: g++ -o conftest  -g -O2 -std=c++11    conftest.cpp -lreadline  -lreadline -ltermcap  >&5
configure:7402: $? = 0
configure:7412: result: yes
configure:7469: checking for readline/readline.h
configure:7469: g++ -c  -g -O2 -std=c++11  conftest.cpp >&5
configure:7469: $? = 0
configure:7469: result: yes
configure:7475: checking for readline/history.h
configure:7475: g++ -c  -g -O2 -std=c++11  conftest.cpp >&5
configure:7475: $? = 0
configure:7475: result: yes
configure:7481: checking for sys/resource.h
configure:7481: g++ -c  -g -O2 -std=c++11  conftest.cpp >&5
configure:7481: $? = 0
configure:7481: result: yes
configure:7493: checking for pthread_create in -lpthread
configure:7515: g++ -o conftest  -g -O2 -std=c++11    conftest.cpp -lpthread  -lreadline -ltermcap  >&5
configure:7515: $? = 0
configure:7525: result: yes
configure:7535: checking for gzwrite in -lz
configure:7557: g++ -o conftest  -g -O2 -std=c++11    conftest.cpp -lz  -lpthread -lreadline -ltermcap  >&5
configure:7557: $? = 0
configure:7567: result: yes
configure:7577: checking for gzwrite in -lz
configure:7609: result: yes
configure:7704: checking for BZ2_bzdopen in -lbz2
configure:7726: g++ -o conftest  -g -O2 -std=c++11    conftest.cpp -lbz2  -lz -lpthread -lreadline -ltermcap  >&5
/usr/bin/ld: cannot find -lbz2: No such file or directory
collect2: error: ld returned 1 exit status
configure:7726: $? = 1
configure: failed program was:
| /* confdefs.h */
| #define PACKAGE_NAME ""
| #define PACKAGE_TARNAME ""
| #define PACKAGE_VERSION ""
| #define PACKAGE_STRING ""
| #define PACKAGE_BUGREPORT ""
| #define PACKAGE_URL ""
| #define HAVE_STDIO_H 1
| #define HAVE_STDLIB_H 1
| #define HAVE_STRING_H 1
| #define HAVE_INTTYPES_H 1
| #define HAVE_STDINT_H 1
| #define HAVE_STRINGS_H 1
| #define HAVE_SYS_STAT_H 1
| #define HAVE_SYS_TYPES_H 1
| #define HAVE_UNISTD_H 1
| #define STDC_HEADERS 1
| #define HAVE_GETOPT_H 1
| #define HAVE_INTTYPES_H 1
| #define HAVE_IOSFWD 1
| #define HAVE_SYS_WAIT_H 1
| #define SIZEOF_UNSIGNED_LONG_LONG 8
| #define SIZEOF_UNSIGNED_LONG 8
| #define SIZEOF_UNSIGNED 4
| #define SIZEOF_VOID_P 8
| #define HAVE_LIBTERMCAP 1
| #define HAVE_LIBREADLINE 1
| #define HAVE_LIBHISTORY 1
| #define HAVE_READLINE_READLINE_H 1
| #define HAVE_READLINE_HISTORY_H 1
| #define HAVE_SYS_RESOURCE_H 1
| #define LINUX 1
| #define HAVE_LIBPTHREAD 1
| #define HAVE_LIBZ 1
| /* end confdefs.h.  */
| 
| namespace conftest {
|   extern "C" int BZ2_bzdopen ();
| }
| int
| main (void)
| {
| return conftest::BZ2_bzdopen ();
|   ;
|   return 0;
| }
configure:7736: result: no
configure:7746: checking for BZ2_bzdopen in -lbz2
configure:7778: result: no
configure:7792: checking for size_t
configure:7792: g++ -c  -g -O2 -std=c++11  conftest.cpp >&5
configure:7792: $? = 0
configure:7792: g++ -c  -g -O2 -std=c++11  conftest.cpp >&5
conftest.cpp: In function 'int main()':
conftest.cpp:67:20: error: expected primary-expression before ')' token
   67 | if (sizeof ((size_t)))
      |                    ^
configure:7792: $? = 1
configure: failed program was:
| /* confdefs.h */
| #define PACKAGE_NAME ""
| #define PACKAGE_TARNAME ""
| #define PACKAGE_VERSION ""
| #define PACKAGE_STRING ""
| #define PACKAGE_BUGREPORT ""
| #define PACKAGE_URL ""
| #define HAVE_STDIO_H 1
| #define HAVE_STDLIB_H 1
| #define HAVE_STRING_H 1
| #define HAVE_INTTYPES_H 1
| #define HAVE_STDINT_H 1
| #define HAVE_STRINGS_H 1
| #define HAVE_SYS_STAT_H 1
| #define HAVE_SYS_TYPES_H 1
| #define HAVE_UNISTD_H 1
| #define STDC_HEADERS 1
| #define HAVE_GETOPT_H 1
| #define HAVE_INTTYPES_H 1
| #define HAVE_IOSFWD 1
| #define HAVE_SYS_WAIT_H 1
| #define SIZEOF_UNSIGNED_LONG_LONG 8
| #define SIZEOF_UNSIGNED_LONG 8
| #define SIZEOF_UNSIGNED 4
| #define SIZEOF_VOID_P 8
| #define HAVE_LIBTERMCAP 1
| #define HAVE_LIBREADLINE 1
| #define HAVE_LIBHISTORY 1
| #define HAVE_READLINE_READLINE_H 1
| #define HAVE_READLINE_HISTORY_H 1
| #define HAVE_SYS_RESOURCE_H 1
| #define LINUX 1
| #define HAVE_LIBPTHREAD 1
| #define HAVE_LIBZ 1
| /* end confdefs.h.  */
| #include <stddef.h>
| #ifdef HAVE_STDIO_H
| # include <stdio.h>
| #endif
| #ifdef HAVE_STDLIB_H
| # include <stdlib.h>
| #endif
| #ifdef HAVE_STRING_H
| # include <string.h>
| #endif
| #ifdef HAVE_INTTYPES_H
| # include <inttypes.h>
| #endif
| #ifdef HAVE_STDINT_H
| # include <stdint.h>
| #endif
| #ifdef HAVE_STRINGS_H
| # include <strings.h>
| #endif
| #ifdef HAVE_SYS_TYPES_H
| # include <sys/types.h>
| #endif
| #ifdef HAVE_SYS_STAT_H
| # include <sys/stat.h>
| #endif
| #ifdef HAVE_UNISTD_H
| # include <unistd.h>
| #endif
| int
| main (void)
| {
| if (sizeof ((size_t)))
| 	    return 0;
|   ;
|   return 0;
| }
configure:7792: result: yes
configure:7804: checking for working alloca.h
configure:7822: g++ -o conftest  -g -O2 -std=c++11    conftest.cpp -lz -lpthread -lreadline -ltermcap  >&5
configure:7822: $? = 0
configure:7831: result: yes
configure:7839: checking for alloca
configure:7884: result: yes
configure:7951: checking for _LARGEFILE_SOURCE value needed for large files
configure:7971: g++ -o conftest  -g -O2 -std=c++11    conftest.cpp -lz -lpthread -lreadline -ltermcap  >&5
configure:7971: $? = 0
configure:8001: result: no
configure:8060: Not using valgrind hooks
configure:8075: checking for sys/times
configure:8090: g++ -o conftest  -g -O2 -std=c++11    conftest.cpp -lz -lpthread -lreadline -ltermcap  >&5
configure:8090: $? = 0
configure:8102: result: yes
configure:8112: checking for dlfcn.h
configure:8112: g++ -c  -g -O2 -std=c++11  conftest.cpp >&5
configure:8112: $? = 0
configure:8112: result: yes
configure:8124: checking for dlopen in -ldl
configure:8146: g++ -o conftest  -g -O2 -std=c++11    conftest.cpp -ldl  -lz -lpthread -lreadline -ltermcap  >&5
configure:8146: $? = 0
configure:8156: result: yes
configure:8226: checking for a BSD-compatible install
configure:8299: result: /usr/bin/install -c
configure:8317: checking whether byte ordering is bigendian
configure:8333: gcc -c  -g -O2  conftest.c >&5
conftest.c:42:16: error: unknown type name 'not'
   42 |                not a universal capable compiler
      |                ^~~
conftest.c:42:22: error: expected '=', ',', ';', 'asm' or '__attribute__' before 'universal'
   42 |                not a universal capable compiler
      |                      ^~~~~~~~~
conftest.c:42:22: error: unknown type name 'universal'
configure:8333: $? = 1
configure: failed program was:
| /* confdefs.h */
| #define PACKAGE_NAME ""
| #define PACKAGE_TARNAME ""
| #define PACKAGE_VERSION ""
| #define PACKAGE_STRING ""
| #define PACKAGE_BUGREPORT ""
| #define PACKAGE_URL ""
| #define HAVE_STDIO_H 1
| #define HAVE_STDLIB_H 1
| #define HAVE_STRING_H 1
| #define HAVE_INTTYPES_H 1
| #define HAVE_STDINT_H 1
| #define HAVE_STRINGS_H 1
| #define HAVE_SYS_STAT_H 1
| #define HAVE_SYS_TYPES_H 1
| #define HAVE_UNISTD_H 1
| #define STDC_HEADERS 1
| #define HAVE_GETOPT_H 1
| #define HAVE_INTTYPES_H 1
| #define HAVE_IOSFWD 1
| #define HAVE_SYS_WAIT_H 1
| #define SIZEOF_UNSIGNED_LONG_LONG 8
| #define SIZEOF_UNSIGNED_LONG 8
| #define SIZEOF_UNSIGNED 4
| #define SIZEOF_VOID_P 8
| #define HAVE_LIBTERMCAP 1
| #define HAVE_LIBREADLINE 1
| #define HAVE_LIBHISTORY 1
| #define HAVE_READLINE_READLINE_H 1
| #define HAVE_READLINE_HISTORY_H 1
| #define HAVE_SYS_RESOURCE_H 1
| #define LINUX 1
| #define HAVE_LIBPTHREAD 1
| #define HAVE_LIBZ 1
| #define HAVE_ALLOCA_H 1
| #define HAVE_ALLOCA 1
| #define HAVE_FSEEKO 1
| #define HAVE_TIMES 1
| #define HAVE_DLFCN_H 1
| /* end confdefs.h.  */
| #ifndef __APPLE_CC__
| 	       not a universal capable compiler
| 	     #endif
| 	     typedef int dummy;
| 
configure:8379: gcc -c  -g -O2  conftest.c >&5
configure:8379: $? = 0
configure:8398: gcc -c  -g -O2  conftest.c >&5
conftest.c: In function 'main':
conftest.c:48:18: error: unknown type name 'not'; did you mean 'ino_t'?
   48 |                  not big endian
      |                  ^~~
      |                  ino_t
conftest.c:48:26: error: expected '=', ',', ';', 'asm' or '__attribute__' before 'endian'
   48 |                  not big endian
      |                          ^~~~~~
configure:8398: $? = 1
configure: failed program was:
| /* confdefs.h */
| #define PACKAGE_NAME ""
| #define PACKAGE_TARNAME ""
| #define PACKAGE_VERSION ""
| #define PACKAGE_STRING ""
| #define PACKAGE_BUGREPORT ""
| #define PACKAGE_URL ""
| #define HAVE_STDIO_H 1
| #define HAVE_STDLIB_H 1
| #define HAVE_STRING_H 1
| #define HAVE_INTTYPES_H 1
| #define HAVE_STDINT_H 1
| #define HAVE_STRINGS_H 1
| #define HAVE_SYS_STAT_H 1
| #define HAVE_SYS_TYPES_H 1
| #define HAVE_UNISTD_H 1
| #define STDC_HEADERS 1
| #define HAVE_GETOPT_H 1
| #define HAVE_INTTYPES_H 1
| #define HAVE_IOSFWD 1
| #define HAVE_SYS_WAIT_H 1
| #define SIZEOF_UNSIGNED_LONG_LONG 8
| #define SIZEOF_UNSIGNED_LONG 8
| #define SIZEOF_UNSIGNED 4
| #define SIZEOF_VOID_P 8
| #define HAVE_LIBTERMCAP 1
| #define HAVE_LIBREADLINE 1
| #define HAVE_LIBHISTORY 1
| #define HAVE_READLINE_READLINE_H 1
| #define HAVE_READLINE_HISTORY_H 1
| #define HAVE_SYS_RESOURCE_H 1
| #define LINUX 1
| #define HAVE_LIBPTHREAD 1
| #define HAVE_LIBZ 1
| #define HAVE_ALLOCA_H 1
| #define HAVE_ALLOCA 1
| #define HAVE_FSEEKO 1
| #define HAVE_TIMES 1
| #define HAVE_DLFCN_H 1
| /* end confdefs.h.  */
| #include <sys/types.h>
| 		#include <sys/param.h>
| 
| int
| main (void)
| {
| #if BYTE_ORDER != BIG_ENDIAN
| 		 not big endian
| 		#endif
| 
|   ;
|   return 0;
| }
configure:8532: result: no
configure:8571: checking for extra libs needed
configure:8582: result: 
configure:8588: checking for flag to make position independent code
configure:8613: result: -fPIC
configure:8668: checking for realpath
configure:8668: gcc -o conftest  -g -O2    conftest.c -lz -lpthread -lreadline -ltermcap  >&5
configure:8668: $? = 0
configure:8668: result: yes
configure:8678: checking for fopen64
configure:8678: gcc -o conftest  -g -O2    conftest.c -lz -lpthread -lreadline -ltermcap  >&5
configure:8678: $? = 0
configure:8678: result: yes
configure:8690: checking for library containing lround
configure:8720: gcc -o conftest  -g -O2    conftest.c -lz -lpthread -lreadline -ltermcap  >&5
conftest.c:48:6: warning: conflicting types for built-in function 'lround'; expected 'long int(double)' [-Wbuiltin-declaration-mismatch]
   48 | char lround ();
      |      ^~~~~~
conftest.c:1:1: note: 'lround' is declared in header '<math.h>'
    1 | /* confdefs.h */
/usr/bin/ld: /tmp/ccKovTps.o: in function `main':
/mnt/y/iverilog/conftest.c:52:(.text.startup+0xb): undefined reference to `lround'
collect2: error: ld returned 1 exit status
configure:8720: $? = 1
configure: failed program was:
| /* confdefs.h */
| #define PACKAGE_NAME ""
| #define PACKAGE_TARNAME ""
| #define PACKAGE_VERSION ""
| #define PACKAGE_STRING ""
| #define PACKAGE_BUGREPORT ""
| #define PACKAGE_URL ""
| #define HAVE_STDIO_H 1
| #define HAVE_STDLIB_H 1
| #define HAVE_STRING_H 1
| #define HAVE_INTTYPES_H 1
| #define HAVE_STDINT_H 1
| #define HAVE_STRINGS_H 1
| #define HAVE_SYS_STAT_H 1
| #define HAVE_SYS_TYPES_H 1
| #define HAVE_UNISTD_H 1
| #define STDC_HEADERS 1
| #define HAVE_GETOPT_H 1
| #define HAVE_INTTYPES_H 1
| #define HAVE_IOSFWD 1
| #define HAVE_SYS_WAIT_H 1
| #define SIZEOF_UNSIGNED_LONG_LONG 8
| #define SIZEOF_UNSIGNED_LONG 8
| #define SIZEOF_UNSIGNED 4
| #define SIZEOF_VOID_P 8
| #define HAVE_LIBTERMCAP 1
| #define HAVE_LIBREADLINE 1
| #define HAVE_LIBHISTORY 1
| #define HAVE_READLINE_READLINE_H 1
| #define HAVE_READLINE_HISTORY_H 1
| #define HAVE_SYS_RESOURCE_H 1
| #define LINUX 1
| #define HAVE_LIBPTHREAD 1
| #define HAVE_LIBZ 1
| #define HAVE_ALLOCA_H 1
| #define HAVE_ALLOCA 1
| #define HAVE_FSEEKO 1
| #define HAVE_TIMES 1
| #define HAVE_DLFCN_H 1
| #define _LARGEFILE_SOURCE 1
| #define HAVE_REALPATH 1
| #define HAVE_FOPEN64 1
| /* end confdefs.h.  */
| 
| /* Override any GCC internal prototype to avoid an error.
|    Use char because int might match the return type of a GCC
|    builtin and then its argument prototype would still apply.  */
| char lround ();
| int
| main (void)
| {
| return lround ();
|   ;
|   return 0;
| }
configure:8720: gcc -o conftest  -g -O2    conftest.c -lm  -lz -lpthread -lreadline -ltermcap  >&5
conftest.c:48:6: warning: conflicting types for built-in function 'lround'; expected 'long int(double)' [-Wbuiltin-declaration-mismatch]
   48 | char lround ();
      |      ^~~~~~
conftest.c:1:1: note: 'lround' is declared in header '<math.h>'
    1 | /* confdefs.h */
configure:8720: $? = 0
configure:8740: result: -lm
configure:8750: checking for library containing llround
configure:8780: gcc -o conftest  -g -O2    conftest.c -lm -lz -lpthread -lreadline -ltermcap  >&5
conftest.c:49:6: warning: conflicting types for built-in function 'llround'; expected 'long long int(double)' [-Wbuiltin-declaration-mismatch]
   49 | char llround ();
      |      ^~~~~~~
conftest.c:1:1: note: 'llround' is declared in header '<math.h>'
    1 | /* confdefs.h */
configure:8780: $? = 0
configure:8800: result: none required
configure:8810: checking for library containing nan
configure:8840: gcc -o conftest  -g -O2    conftest.c -lm -lz -lpthread -lreadline -ltermcap  >&5
conftest.c:50:6: warning: conflicting types for built-in function 'nan'; expected 'double(const char *)' [-Wbuiltin-declaration-mismatch]
   50 | char nan ();
      |      ^~~
conftest.c:1:1: note: 'nan' is declared in header '<math.h>'
    1 | /* confdefs.h */
configure:8840: $? = 0
configure:8860: result: none required
configure:8870: checking for library containing fmin
configure:8900: gcc -o conftest  -g -O2    conftest.c -lm -lz -lpthread -lreadline -ltermcap  >&5
conftest.c:51:6: warning: conflicting types for built-in function 'fmin'; expected 'double(double,  double)' [-Wbuiltin-declaration-mismatch]
   51 | char fmin ();
      |      ^~~~
conftest.c:1:1: note: 'fmin' is declared in header '<math.h>'
    1 | /* confdefs.h */
configure:8900: $? = 0
configure:8920: result: none required
configure:8930: checking for library containing fmax
configure:8960: gcc -o conftest  -g -O2    conftest.c -lm -lz -lpthread -lreadline -ltermcap  >&5
conftest.c:52:6: warning: conflicting types for built-in function 'fmax'; expected 'double(double,  double)' [-Wbuiltin-declaration-mismatch]
   52 | char fmax ();
      |      ^~~~
conftest.c:1:1: note: 'fmax' is declared in header '<math.h>'
    1 | /* confdefs.h */
configure:8960: $? = 0
configure:8980: result: none required
configure:9004: checking if uint64_t and unsigned long are identical
configure:9029: g++ -c  -g -O2 -std=c++11  conftest.cpp >&5
conftest.cpp:54:13: error: redefinition of 'bool check(uint64_t)'
   54 | static bool check(uint64_t val)
      |             ^~~~~
conftest.cpp:50:13: note: 'bool check(long unsigned int)' previously defined here
   50 | static bool check(unsigned long val)
      |             ^~~~~
configure:9029: $? = 1
configure: failed program was:
| /* confdefs.h */
| #define PACKAGE_NAME ""
| #define PACKAGE_TARNAME ""
| #define PACKAGE_VERSION ""
| #define PACKAGE_STRING ""
| #define PACKAGE_BUGREPORT ""
| #define PACKAGE_URL ""
| #define HAVE_STDIO_H 1
| #define HAVE_STDLIB_H 1
| #define HAVE_STRING_H 1
| #define HAVE_INTTYPES_H 1
| #define HAVE_STDINT_H 1
| #define HAVE_STRINGS_H 1
| #define HAVE_SYS_STAT_H 1
| #define HAVE_SYS_TYPES_H 1
| #define HAVE_UNISTD_H 1
| #define STDC_HEADERS 1
| #define HAVE_GETOPT_H 1
| #define HAVE_INTTYPES_H 1
| #define HAVE_IOSFWD 1
| #define HAVE_SYS_WAIT_H 1
| #define SIZEOF_UNSIGNED_LONG_LONG 8
| #define SIZEOF_UNSIGNED_LONG 8
| #define SIZEOF_UNSIGNED 4
| #define SIZEOF_VOID_P 8
| #define HAVE_LIBTERMCAP 1
| #define HAVE_LIBREADLINE 1
| #define HAVE_LIBHISTORY 1
| #define HAVE_READLINE_READLINE_H 1
| #define HAVE_READLINE_HISTORY_H 1
| #define HAVE_SYS_RESOURCE_H 1
| #define LINUX 1
| #define HAVE_LIBPTHREAD 1
| #define HAVE_LIBZ 1
| #define HAVE_ALLOCA_H 1
| #define HAVE_ALLOCA 1
| #define HAVE_FSEEKO 1
| #define HAVE_TIMES 1
| #define HAVE_DLFCN_H 1
| #define _LARGEFILE_SOURCE 1
| #define HAVE_REALPATH 1
| #define HAVE_FOPEN64 1
| #define HAVE_LROUND 1
| #define HAVE_LLROUND 1
| #define HAVE_NAN 1
| #define HAVE_FMIN 1
| #define HAVE_FMAX 1
| /* end confdefs.h.  */
| #include "inttypes.h"
| static bool check(unsigned long val)
| {
|   return val != 0;
| }
| static bool check(uint64_t val)
| {
|   return val != 0;
| }
| int
| main (void)
| {
| unsigned long ulval = 1;
| bool result = check(ulval);
| uint64_t uival = 1;
| result &= check(uival);
| return !result;
|   ;
|   return 0;
| }
configure:9035: result: yes
configure:9041: checking for -rdynamic compiler flag
configure:9077: result: -rdynamic
configure:9085: checking for shared library link flag
configure:9117: result: -shared
configure:9126: checking for leading underscores
configure:9136: g++ -c  -g -O2 -std=c++11  conftest.cpp >&5
configure:9136: $? = 0
configure:9150: result: no
configure:9158: checking for trailing underscores
configure:9168: g++ -c  -g -O2 -std=c++11  conftest.cpp >&5
configure:9168: $? = 0
configure:9182: result: no
configure:9199: checking for sanity of prefix
configure:9205: result: ok
configure:9208: checking for sanity of exec_prefix
configure:9214: result: ok
configure:9217: checking for sanity of libdir
configure:9223: result: ok
configure:9334: creating ./config.status

## ---------------- ##
## Cache variables. ##
## ---------------- ##

ac_cv_build=x86_64-pc-linux-gnu
ac_cv_build_objext=o
ac_cv_build_prog_CPP='gcc -E'
ac_cv_build_prog_cc_g=yes
ac_cv_c_bigendian=no
ac_cv_c_compiler_gnu=yes
ac_cv_c_undeclared_builtin_options='none needed'
ac_cv_cxx_compiler_gnu=yes
ac_cv_cxx_undeclared_builtin_options='none needed'
ac_cv_env_CCC_set=
ac_cv_env_CCC_value=
ac_cv_env_CC_set=
ac_cv_env_CC_value=
ac_cv_env_CFLAGS_set=
ac_cv_env_CFLAGS_value=
ac_cv_env_CPPFLAGS_set=
ac_cv_env_CPPFLAGS_value=
ac_cv_env_CPP_set=
ac_cv_env_CPP_value=
ac_cv_env_CXXFLAGS_set=
ac_cv_env_CXXFLAGS_value=
ac_cv_env_CXX_set=
ac_cv_env_CXX_value=
ac_cv_env_LDFLAGS_set=
ac_cv_env_LDFLAGS_value=
ac_cv_env_LIBS_set=
ac_cv_env_LIBS_value=
ac_cv_env_build_alias_set=
ac_cv_env_build_alias_value=
ac_cv_env_host_alias_set=
ac_cv_env_host_alias_value=
ac_cv_env_target_alias_set=
ac_cv_env_target_alias_value=
ac_cv_func_alloca_works=yes
ac_cv_func_fopen64=yes
ac_cv_func_realpath=yes
ac_cv_have_decl___SUNPRO_C=no
ac_cv_have_decl___SUNPRO_CC=no
ac_cv_header_dlfcn_h=yes
ac_cv_header_getopt_h=yes
ac_cv_header_inttypes_h=yes
ac_cv_header_iosfwd=yes
ac_cv_header_libiberty_h=no
ac_cv_header_readline_history_h=yes
ac_cv_header_readline_readline_h=yes
ac_cv_header_stdint_h=yes
ac_cv_header_stdio_h=yes
ac_cv_header_stdlib_h=yes
ac_cv_header_string_h=yes
ac_cv_header_strings_h=yes
ac_cv_header_sys_resource_h=yes
ac_cv_header_sys_stat_h=yes
ac_cv_header_sys_types_h=yes
ac_cv_header_sys_wait_h=yes
ac_cv_header_unistd_h=yes
ac_cv_host=x86_64-pc-linux-gnu
ac_cv_lib_bz2_BZ2_bzdopen=no
ac_cv_lib_dl_dlopen=yes
ac_cv_lib_pthread_pthread_create=yes
ac_cv_lib_readline_add_history=yes
ac_cv_lib_readline_readline=yes
ac_cv_lib_termcap_tputs=yes
ac_cv_lib_z_gzwrite=yes
ac_cv_objext=o
ac_cv_path_install='/usr/bin/install -c'
ac_cv_prog_CPP='gcc -E'
ac_cv_prog_GIT=git
ac_cv_prog_LEX=flex
ac_cv_prog_MAN=man
ac_cv_prog_PS2PDF=ps2pdf
ac_cv_prog_XGPERF=gperf
ac_cv_prog_YACC=bison
ac_cv_prog_ac_ct_AR=ar
ac_cv_prog_ac_ct_CC=gcc
ac_cv_prog_ac_ct_CC_FOR_BUILD=gcc
ac_cv_prog_ac_ct_CXX=g++
ac_cv_prog_ac_ct_LD=ld
ac_cv_prog_ac_ct_RANLIB=ranlib
ac_cv_prog_ac_ct_STRIP=strip
ac_cv_prog_cc_c11=
ac_cv_prog_cc_g=yes
ac_cv_prog_cc_stdc=
ac_cv_prog_cxx_cxx11=
ac_cv_prog_cxx_g=yes
ac_cv_prog_cxx_stdcxx=
ac_cv_search_fmax='none required'
ac_cv_search_fmin='none required'
ac_cv_search_llround='none required'
ac_cv_search_lround=-lm
ac_cv_search_nan='none required'
ac_cv_sizeof_unsigned=4
ac_cv_sizeof_unsigned_long=8
ac_cv_sizeof_unsigned_long_long=8
ac_cv_sizeof_void_p=8
ac_cv_sys_largefile_source=no
ac_cv_type_size_t=yes
ac_cv_working_alloca_h=yes
ax_cv_c_underscores_leading=no
ax_cv_c_underscores_trailing=no

## ----------------- ##
## Output variables. ##
## ----------------- ##

ALLOCA=''
AR='ar'
BUILD_EXEEXT=''
BUILD_OBJEXT=''
CC='gcc'
CC_FOR_BUILD='gcc'
CFLAGS=' -g -O2'
CFLAGS_FOR_BUILD='-g -O2'
CPP='gcc -E'
CPPFLAGS=''
CPPFLAGS_FOR_BUILD=''
CPP_FOR_BUILD='gcc -E'
CTARGETFLAGS=''
CXX='g++'
CXXFLAGS=' -g -O2 -std=c++11'
DEFS='-DHAVE_CONFIG_H'
DEPENDENCY_FLAG='-MD'
DLLIB='-ldl'
ECHO_C=''
ECHO_N='-n'
ECHO_T=''
EXEEXT=''
EXTRALIBS=''
GIT='git'
HAVE_LIBBZ2='no'
HAVE_LIBZ='yes'
INSTALL_DATA='${INSTALL} -m 644'
INSTALL_PROGRAM='${INSTALL}'
INSTALL_SCRIPT='${INSTALL}'
LD='ld'
LDFLAGS=' '
LDFLAGS_FOR_BUILD=''
LDRELOCFLAGS=''
LDTARGETFLAGS=''
LEX='flex'
LIBOBJS=''
LIBS='-lm -lz -lpthread -lreadline -ltermcap '
LIBVERIUSER='no'
LIBVVP=''
LTLIBOBJS=''
MAN='man'
MINGW32='no'
OBJEXT='o'
PACKAGE_BUGREPORT=''
PACKAGE_NAME=''
PACKAGE_STRING=''
PACKAGE_TARNAME=''
PACKAGE_URL=''
PACKAGE_VERSION=''
PATH_SEPARATOR=':'
PICFLAG='-fPIC'
PS2PDF='ps2pdf'
RANLIB='ranlib'
SHELL='/bin/bash'
STRIP='strip'
WARNING_FLAGS='-Wall -Wextra -Wshadow'
WARNING_FLAGS_CC='-Wstrict-prototypes'
WARNING_FLAGS_CXX=''
WIN32='no'
WINDRES='false'
XGPERF='gperf'
YACC='bison'
ac_ct_CC='gcc'
ac_ct_CC_FOR_BUILD='gcc'
ac_ct_CXX='g++'
bindir='${exec_prefix}/bin'
build='x86_64-pc-linux-gnu'
build_alias=''
build_cpu='x86_64'
build_os='linux-gnu'
build_vendor='pc'
datadir='${datarootdir}'
datarootdir='${prefix}/share'
docdir='${datarootdir}/doc/${PACKAGE}'
dvidir='${docdir}'
exec_prefix='${prefix}'
file64_support='-D_LARGEFILE_SOURCE=1 -D_FILE_OFFSET_BITS=64'
host='x86_64-pc-linux-gnu'
host_alias=''
host_cpu='x86_64'
host_os='linux-gnu'
host_vendor='pc'
htmldir='${docdir}'
includedir='${prefix}/include'
infodir='${datarootdir}/info'
install_suffix=''
libdir='${exec_prefix}/lib'
libexecdir='${exec_prefix}/libexec'
localedir='${datarootdir}/locale'
localstatedir='${prefix}/var'
mandir='${datarootdir}/man'
oldincludedir='/usr/include'
pdfdir='${docdir}'
prefix='/usr/local'
program_transform_name='s,x,x,'
psdir='${docdir}'
rdynamic='-rdynamic'
runstatedir='${localstatedir}/run'
sbindir='${exec_prefix}/sbin'
shared='-shared'
sharedstatedir='${prefix}/com'
strip_dynamic=''
sysconfdir='${prefix}/etc'
target_alias=''

## ----------- ##
## confdefs.h. ##
## ----------- ##

/* confdefs.h */
#define PACKAGE_NAME ""
#define PACKAGE_TARNAME ""
#define PACKAGE_VERSION ""
#define PACKAGE_STRING ""
#define PACKAGE_BUGREPORT ""
#define PACKAGE_URL ""
#define HAVE_STDIO_H 1
#define HAVE_STDLIB_H 1
#define HAVE_STRING_H 1
#define HAVE_INTTYPES_H 1
#define HAVE_STDINT_H 1
#define HAVE_STRINGS_H 1
#define HAVE_SYS_STAT_H 1
#define HAVE_SYS_TYPES_H 1
#define HAVE_UNISTD_H 1
#define STDC_HEADERS 1
#define HAVE_GETOPT_H 1
#define HAVE_INTTYPES_H 1
#define HAVE_IOSFWD 1
#define HAVE_SYS_WAIT_H 1
#define SIZEOF_UNSIGNED_LONG_LONG 8
#define SIZEOF_UNSIGNED_LONG 8
#define SIZEOF_UNSIGNED 4
#define SIZEOF_VOID_P 8
#define HAVE_LIBTERMCAP 1
#define HAVE_LIBREADLINE 1
#define HAVE_LIBHISTORY 1
#define HAVE_READLINE_READLINE_H 1
#define HAVE_READLINE_HISTORY_H 1
#define HAVE_SYS_RESOURCE_H 1
#define LINUX 1
#define HAVE_LIBPTHREAD 1
#define HAVE_LIBZ 1
#define HAVE_ALLOCA_H 1
#define HAVE_ALLOCA 1
#define HAVE_FSEEKO 1
#define HAVE_TIMES 1
#define HAVE_DLFCN_H 1
#define _LARGEFILE_SOURCE 1
#define HAVE_REALPATH 1
#define HAVE_FOPEN64 1
#define HAVE_LROUND 1
#define HAVE_LLROUND 1
#define HAVE_NAN 1
#define HAVE_FMIN 1
#define HAVE_FMAX 1
#define UINT64_T_AND_ULONG_SAME 1

configure: exit 0

## ---------------------- ##
## Running config.status. ##
## ---------------------- ##

This file was extended by config.status, which was
generated by GNU Autoconf 2.71.  Invocation command line was

  CONFIG_FILES    = 
  CONFIG_HEADERS  = 
  CONFIG_LINKS    = 
  CONFIG_COMMANDS = 
  $ ./config.status 

on workhorse

config.status:903: creating Makefile
config.status:903: creating ivlpp/Makefile
config.status:903: creating vhdlpp/Makefile
config.status:903: creating vvp/Makefile
config.status:903: creating vpi/Makefile
config.status:903: creating driver/Makefile
config.status:903: creating driver-vpi/Makefile
config.status:903: creating cadpli/Makefile
config.status:903: creating libveriuser/Makefile
config.status:903: creating tgt-null/Makefile
config.status:903: creating tgt-stub/Makefile
config.status:903: creating tgt-vvp/Makefile
config.status:903: creating tgt-vhdl/Makefile
config.status:903: creating tgt-fpga/Makefile
config.status:903: creating tgt-verilog/Makefile
config.status:903: creating tgt-pal/Makefile
config.status:903: creating tgt-vlog95/Makefile
config.status:903: creating tgt-pcb/Makefile
config.status:903: creating tgt-blif/Makefile
config.status:903: creating tgt-sizer/Makefile
config.status:903: creating config.h
config.status:1078: config.h is unchanged
config.status:903: creating _pli_types.h
config.status:1078: _pli_types.h is unchanged
config.status:903: creating vhdlpp/vhdlpp_config.h
config.status:1078: vhdlpp/vhdlpp_config.h is unchanged
config.status:903: creating vvp/config.h
config.status:1078: vvp/config.h is unchanged
config.status:903: creating vpi/vpi_config.h
config.status:1078: vpi/vpi_config.h is unchanged
config.status:903: creating libveriuser/config.h
config.status:1078: libveriuser/config.h is unchanged
config.status:903: creating tgt-vvp/vvp_config.h
config.status:1078: tgt-vvp/vvp_config.h is unchanged
config.status:903: creating tgt-vhdl/vhdl_config.h
config.status:1078: tgt-vhdl/vhdl_config.h is unchanged
config.status:903: creating tgt-pcb/pcb_config.h
config.status:1078: tgt-pcb/pcb_config.h is unchanged

## ---------------------- ##
## Running config.status. ##
## ---------------------- ##

This file was extended by config.status, which was
generated by GNU Autoconf 2.71.  Invocation command line was

  CONFIG_FILES    = 
  CONFIG_HEADERS  = 
  CONFIG_LINKS    = 
  CONFIG_COMMANDS = 
  $ ./config.status --file=Makefile

on workhorse

config.status:903: creating Makefile
